08:52:02 **** Incremental Build of configuration Debug for project CapXung-clock ****
make -j22 all 
arm-none-eabi-gcc "../Src/main.c" -mcpu=cortex-m4 -std=gnu11 -g3 -DDEBUG -DNUCLEO_F401RE -DSTM32 -DSTM32F401RETx -DSTM32F4 -c -I../Inc -O0 -ffunction-sections -fdata-sections -Wall -fstack-usage -fcyclomatic-complexity -MMD -MP -MF"Src/main.d" -MT"Src/main.o" --specs=nano.specs -mfpu=fpv4-sp-d16 -mfloat-abi=hard -mthumb -o "Src/main.o"
arm-none-eabi-gcc -o "CapXung-clock.elf" @"objects.list"   -mcpu=cortex-m4 -T"C:\STM32\Day 1 Nhom 1\CapXung-clock\STM32F401RETX_FLASH.ld" --specs=nosys.specs -Wl,-Map="CapXung-clock.map" -Wl,--gc-sections -static --specs=nano.specs -mfpu=fpv4-sp-d16 -mfloat-abi=hard -mthumb -Wl,--start-group -lc -lm -Wl,--end-group
Finished building target: CapXung-clock.elf
 
arm-none-eabi-size  CapXung-clock.elf 
arm-none-eabi-objdump -h -S CapXung-clock.elf  > "CapXung-clock.list"
   text	   data	    bss	    dec	    hex	filename
    664	      0	   1568	   2232	    8b8	CapXung-clock.elf
Finished building: default.size.stdout
 
Finished building: CapXung-clock.list
 

08:52:03 Build Finished. 0 errors, 0 warnings. (took 993ms)

