09:50:26 **** Clean-only build of configuration Debug for project GPTO ****
make -j22 clean 
rm -rf ./Startup/startup_stm32f401retx.d ./Startup/startup_stm32f401retx.o
rm -rf ./Src/Bai1.cyclo ./Src/Bai1.d ./Src/Bai1.o ./Src/Bai1.su ./Src/syscalls.cyclo ./Src/syscalls.d ./Src/syscalls.o ./Src/syscalls.su ./Src/sysmem.cyclo ./Src/sysmem.d ./Src/sysmem.o ./Src/sysmem.su
rm -rf ./SDK_1.0.3_NUCLEO-F401RE/shared/Utilities/buff.cyclo ./SDK_1.0.3_NUCLEO-F401RE/shared/Utilities/buff.d ./SDK_1.0.3_NUCLEO-F401RE/shared/Utilities/buff.o ./SDK_1.0.3_NUCLEO-F401RE/shared/Utilities/buff.su ./SDK_1.0.3_NUCLEO-F401RE/shared/Utilities/utilities.cyclo ./SDK_1.0.3_NUCLEO-F401RE/shared/Utilities/utilities.d ./SDK_1.0.3_NUCLEO-F401RE/shared/Utilities/utilities.o ./SDK_1.0.3_NUCLEO-F401RE/shared/Utilities/utilities.su
rm -rf ./SDK_1.0.3_NUCLEO-F401RE/shared/Drivers/STM32F401RE_StdPeriph_Driver/src/stm32f401re_rcc.cyclo ./SDK_1.0.3_NUCLEO-F401RE/shared/Drivers/STM32F401RE_StdPeriph_Driver/src/stm32f401re_rcc.d ./SDK_1.0.3_NUCLEO-F401RE/shared/Drivers/STM32F401RE_StdPeriph_Driver/src/stm32f401re_rcc.o ./SDK_1.0.3_NUCLEO-F401RE/shared/Drivers/STM32F401RE_StdPeriph_Driver/src/stm32f401re_rcc.su
rm -rf ./SDK_1.0.3_NUCLEO-F401RE/shared/Drivers/CMSIS/Source/system_stm32f4xx.cyclo ./SDK_1.0.3_NUCLEO-F401RE/shared/Drivers/CMSIS/Source/system_stm32f4xx.d ./SDK_1.0.3_NUCLEO-F401RE/shared/Drivers/CMSIS/Source/system_stm32f4xx.o ./SDK_1.0.3_NUCLEO-F401RE/shared/Drivers/CMSIS/Source/system_stm32f4xx.su
rm -rf GPTO.elf GPTO.list GPTO.map default.size.stdout
 
09:50:27 **** Incremental Build of configuration Debug for project GPTO ****
make -j22 all 
arm-none-eabi-gcc -mcpu=cortex-m4 -g3 -DDEBUG -c -x assembler-with-cpp -MMD -MP -MF"Startup/startup_stm32f401retx.d" -MT"Startup/startup_stm32f401retx.o" --specs=nano.specs -mfpu=fpv4-sp-d16 -mfloat-abi=hard -mthumb -o "Startup/startup_stm32f401retx.o" "../Startup/startup_stm32f401retx.s"
arm-none-eabi-gcc "../Src/Bai2.c" -mcpu=cortex-m4 -std=gnu11 -g3 -DDEBUG -DNUCLEO_F401RE -DSTM32 -DSTM32F401RETx -DSTM32F4 -c -I../Inc -I"C:/Users/quang/OneDrive/Desktop/TÀI LIỆU LUMI-20260317T150204Z-3-001/TÀI LIỆU LUMI/SDK_1.0.3_NUCLEO-F401RE/shared/Drivers/CMSIS/Include" -I"C:/Users/quang/OneDrive/Desktop/TÀI LIỆU LUMI-20260317T150204Z-3-001/TÀI LIỆU LUMI/SDK_1.0.3_NUCLEO-F401RE/shared/Drivers/STM32F401RE_StdPeriph_Driver/inc" -I"C:/Users/quang/OneDrive/Desktop/TÀI LIỆU LUMI-20260317T150204Z-3-001/TÀI LIỆU LUMI/SDK_1.0.3_NUCLEO-F401RE/shared/Middle/button" -I"C:/Users/quang/OneDrive/Desktop/TÀI LIỆU LUMI-20260317T150204Z-3-001/TÀI LIỆU LUMI/SDK_1.0.3_NUCLEO-F401RE/shared/Middle/buzzer" -I"C:/Users/quang/OneDrive/Desktop/TÀI LIỆU LUMI-20260317T150204Z-3-001/TÀI LIỆU LUMI/SDK_1.0.3_NUCLEO-F401RE/shared/Middle/led" -I"C:/Users/quang/OneDrive/Desktop/TÀI LIỆU LUMI-20260317T150204Z-3-001/TÀI LIỆU LUMI/SDK_1.0.3_NUCLEO-F401RE/shared/Middle/rtos" -I"C:/Users/quang/OneDrive/Desktop/TÀI LIỆU LUMI-20260317T150204Z-3-001/TÀI LIỆU LUMI/SDK_1.0.3_NUCLEO-F401RE/shared/Middle/sensor" -I"C:/Users/quang/OneDrive/Desktop/TÀI LIỆU LUMI-20260317T150204Z-3-001/TÀI LIỆU LUMI/SDK_1.0.3_NUCLEO-F401RE/shared/Middle/serial" -I"C:/Users/quang/OneDrive/Desktop/TÀI LIỆU LUMI-20260317T150204Z-3-001/TÀI LIỆU LUMI/SDK_1.0.3_NUCLEO-F401RE/shared/Middle/ucglib" -I"C:/Users/quang/OneDrive/Desktop/TÀI LIỆU LUMI-20260317T150204Z-3-001/TÀI LIỆU LUMI/SDK_1.0.3_NUCLEO-F401RE/shared/Utilities" -O0 -ffunction-sections -fdata-sections -Wall -fstack-usage -fcyclomatic-complexity -MMD -MP -MF"Src/Bai2.d" -MT"Src/Bai2.o" --specs=nano.specs -mfpu=fpv4-sp-d16 -mfloat-abi=hard -mthumb -o "Src/Bai2.o"
arm-none-eabi-gcc "../Src/syscalls.c" -mcpu=cortex-m4 -std=gnu11 -g3 -DDEBUG -DNUCLEO_F401RE -DSTM32 -DSTM32F401RETx -DSTM32F4 -c -I../Inc -I"C:/Users/quang/OneDrive/Desktop/TÀI LIỆU LUMI-20260317T150204Z-3-001/TÀI LIỆU LUMI/SDK_1.0.3_NUCLEO-F401RE/shared/Drivers/CMSIS/Include" -I"C:/Users/quang/OneDrive/Desktop/TÀI LIỆU LUMI-20260317T150204Z-3-001/TÀI LIỆU LUMI/SDK_1.0.3_NUCLEO-F401RE/shared/Drivers/STM32F401RE_StdPeriph_Driver/inc" -I"C:/Users/quang/OneDrive/Desktop/TÀI LIỆU LUMI-20260317T150204Z-3-001/TÀI LIỆU LUMI/SDK_1.0.3_NUCLEO-F401RE/shared/Middle/button" -I"C:/Users/quang/OneDrive/Desktop/TÀI LIỆU LUMI-20260317T150204Z-3-001/TÀI LIỆU LUMI/SDK_1.0.3_NUCLEO-F401RE/shared/Middle/buzzer" -I"C:/Users/quang/OneDrive/Desktop/TÀI LIỆU LUMI-20260317T150204Z-3-001/TÀI LIỆU LUMI/SDK_1.0.3_NUCLEO-F401RE/shared/Middle/led" -I"C:/Users/quang/OneDrive/Desktop/TÀI LIỆU LUMI-20260317T150204Z-3-001/TÀI LIỆU LUMI/SDK_1.0.3_NUCLEO-F401RE/shared/Middle/rtos" -I"C:/Users/quang/OneDrive/Desktop/TÀI LIỆU LUMI-20260317T150204Z-3-001/TÀI LIỆU LUMI/SDK_1.0.3_NUCLEO-F401RE/shared/Middle/sensor" -I"C:/Users/quang/OneDrive/Desktop/TÀI LIỆU LUMI-20260317T150204Z-3-001/TÀI LIỆU LUMI/SDK_1.0.3_NUCLEO-F401RE/shared/Middle/serial" -I"C:/Users/quang/OneDrive/Desktop/TÀI LIỆU LUMI-20260317T150204Z-3-001/TÀI LIỆU LUMI/SDK_1.0.3_NUCLEO-F401RE/shared/Middle/ucglib" -I"C:/Users/quang/OneDrive/Desktop/TÀI LIỆU LUMI-20260317T150204Z-3-001/TÀI LIỆU LUMI/SDK_1.0.3_NUCLEO-F401RE/shared/Utilities" -O0 -ffunction-sections -fdata-sections -Wall -fstack-usage -fcyclomatic-complexity -MMD -MP -MF"Src/syscalls.d" -MT"Src/syscalls.o" --specs=nano.specs -mfpu=fpv4-sp-d16 -mfloat-abi=hard -mthumb -o "Src/syscalls.o"
arm-none-eabi-gcc "../Src/sysmem.c" -mcpu=cortex-m4 -std=gnu11 -g3 -DDEBUG -DNUCLEO_F401RE -DSTM32 -DSTM32F401RETx -DSTM32F4 -c -I../Inc -I"C:/Users/quang/OneDrive/Desktop/TÀI LIỆU LUMI-20260317T150204Z-3-001/TÀI LIỆU LUMI/SDK_1.0.3_NUCLEO-F401RE/shared/Drivers/CMSIS/Include" -I"C:/Users/quang/OneDrive/Desktop/TÀI LIỆU LUMI-20260317T150204Z-3-001/TÀI LIỆU LUMI/SDK_1.0.3_NUCLEO-F401RE/shared/Drivers/STM32F401RE_StdPeriph_Driver/inc" -I"C:/Users/quang/OneDrive/Desktop/TÀI LIỆU LUMI-20260317T150204Z-3-001/TÀI LIỆU LUMI/SDK_1.0.3_NUCLEO-F401RE/shared/Middle/button" -I"C:/Users/quang/OneDrive/Desktop/TÀI LIỆU LUMI-20260317T150204Z-3-001/TÀI LIỆU LUMI/SDK_1.0.3_NUCLEO-F401RE/shared/Middle/buzzer" -I"C:/Users/quang/OneDrive/Desktop/TÀI LIỆU LUMI-20260317T150204Z-3-001/TÀI LIỆU LUMI/SDK_1.0.3_NUCLEO-F401RE/shared/Middle/led" -I"C:/Users/quang/OneDrive/Desktop/TÀI LIỆU LUMI-20260317T150204Z-3-001/TÀI LIỆU LUMI/SDK_1.0.3_NUCLEO-F401RE/shared/Middle/rtos" -I"C:/Users/quang/OneDrive/Desktop/TÀI LIỆU LUMI-20260317T150204Z-3-001/TÀI LIỆU LUMI/SDK_1.0.3_NUCLEO-F401RE/shared/Middle/sensor" -I"C:/Users/quang/OneDrive/Desktop/TÀI LIỆU LUMI-20260317T150204Z-3-001/TÀI LIỆU LUMI/SDK_1.0.3_NUCLEO-F401RE/shared/Middle/serial" -I"C:/Users/quang/OneDrive/Desktop/TÀI LIỆU LUMI-20260317T150204Z-3-001/TÀI LIỆU LUMI/SDK_1.0.3_NUCLEO-F401RE/shared/Middle/ucglib" -I"C:/Users/quang/OneDrive/Desktop/TÀI LIỆU LUMI-20260317T150204Z-3-001/TÀI LIỆU LUMI/SDK_1.0.3_NUCLEO-F401RE/shared/Utilities" -O0 -ffunction-sections -fdata-sections -Wall -fstack-usage -fcyclomatic-complexity -MMD -MP -MF"Src/sysmem.d" -MT"Src/sysmem.o" --specs=nano.specs -mfpu=fpv4-sp-d16 -mfloat-abi=hard -mthumb -o "Src/sysmem.o"
arm-none-eabi-gcc "C:/Users/quang/OneDrive/Desktop/TÀI LIỆU LUMI-20260317T150204Z-3-001/TÀI LIỆU LUMI/SDK_1.0.3_NUCLEO-F401RE/shared/Utilities/buff.c" -mcpu=cortex-m4 -std=gnu11 -g3 -DDEBUG -DNUCLEO_F401RE -DSTM32 -DSTM32F401RETx -DSTM32F4 -c -I../Inc -I"C:/Users/quang/OneDrive/Desktop/TÀI LIỆU LUMI-20260317T150204Z-3-001/TÀI LIỆU LUMI/SDK_1.0.3_NUCLEO-F401RE/shared/Drivers/CMSIS/Include" -I"C:/Users/quang/OneDrive/Desktop/TÀI LIỆU LUMI-20260317T150204Z-3-001/TÀI LIỆU LUMI/SDK_1.0.3_NUCLEO-F401RE/shared/Drivers/STM32F401RE_StdPeriph_Driver/inc" -I"C:/Users/quang/OneDrive/Desktop/TÀI LIỆU LUMI-20260317T150204Z-3-001/TÀI LIỆU LUMI/SDK_1.0.3_NUCLEO-F401RE/shared/Middle/button" -I"C:/Users/quang/OneDrive/Desktop/TÀI LIỆU LUMI-20260317T150204Z-3-001/TÀI LIỆU LUMI/SDK_1.0.3_NUCLEO-F401RE/shared/Middle/buzzer" -I"C:/Users/quang/OneDrive/Desktop/TÀI LIỆU LUMI-20260317T150204Z-3-001/TÀI LIỆU LUMI/SDK_1.0.3_NUCLEO-F401RE/shared/Middle/led" -I"C:/Users/quang/OneDrive/Desktop/TÀI LIỆU LUMI-20260317T150204Z-3-001/TÀI LIỆU LUMI/SDK_1.0.3_NUCLEO-F401RE/shared/Middle/rtos" -I"C:/Users/quang/OneDrive/Desktop/TÀI LIỆU LUMI-20260317T150204Z-3-001/TÀI LIỆU LUMI/SDK_1.0.3_NUCLEO-F401RE/shared/Middle/sensor" -I"C:/Users/quang/OneDrive/Desktop/TÀI LIỆU LUMI-20260317T150204Z-3-001/TÀI LIỆU LUMI/SDK_1.0.3_NUCLEO-F401RE/shared/Middle/serial" -I"C:/Users/quang/OneDrive/Desktop/TÀI LIỆU LUMI-20260317T150204Z-3-001/TÀI LIỆU LUMI/SDK_1.0.3_NUCLEO-F401RE/shared/Middle/ucglib" -I"C:/Users/quang/OneDrive/Desktop/TÀI LIỆU LUMI-20260317T150204Z-3-001/TÀI LIỆU LUMI/SDK_1.0.3_NUCLEO-F401RE/shared/Utilities" -O0 -ffunction-sections -fdata-sections -Wall -fstack-usage -fcyclomatic-complexity -MMD -MP -MF"SDK_1.0.3_NUCLEO-F401RE/shared/Utilities/buff.d" -MT"SDK_1.0.3_NUCLEO-F401RE/shared/Utilities/buff.o" --specs=nano.specs -mfpu=fpv4-sp-d16 -mfloat-abi=hard -mthumb -o "SDK_1.0.3_NUCLEO-F401RE/shared/Utilities/buff.o"
arm-none-eabi-gcc "C:/Users/quang/OneDrive/Desktop/TÀI LIỆU LUMI-20260317T150204Z-3-001/TÀI LIỆU LUMI/SDK_1.0.3_NUCLEO-F401RE/shared/Utilities/utilities.c" -mcpu=cortex-m4 -std=gnu11 -g3 -DDEBUG -DNUCLEO_F401RE -DSTM32 -DSTM32F401RETx -DSTM32F4 -c -I../Inc -I"C:/Users/quang/OneDrive/Desktop/TÀI LIỆU LUMI-20260317T150204Z-3-001/TÀI LIỆU LUMI/SDK_1.0.3_NUCLEO-F401RE/shared/Drivers/CMSIS/Include" -I"C:/Users/quang/OneDrive/Desktop/TÀI LIỆU LUMI-20260317T150204Z-3-001/TÀI LIỆU LUMI/SDK_1.0.3_NUCLEO-F401RE/shared/Drivers/STM32F401RE_StdPeriph_Driver/inc" -I"C:/Users/quang/OneDrive/Desktop/TÀI LIỆU LUMI-20260317T150204Z-3-001/TÀI LIỆU LUMI/SDK_1.0.3_NUCLEO-F401RE/shared/Middle/button" -I"C:/Users/quang/OneDrive/Desktop/TÀI LIỆU LUMI-20260317T150204Z-3-001/TÀI LIỆU LUMI/SDK_1.0.3_NUCLEO-F401RE/shared/Middle/buzzer" -I"C:/Users/quang/OneDrive/Desktop/TÀI LIỆU LUMI-20260317T150204Z-3-001/TÀI LIỆU LUMI/SDK_1.0.3_NUCLEO-F401RE/shared/Middle/led" -I"C:/Users/quang/OneDrive/Desktop/TÀI LIỆU LUMI-20260317T150204Z-3-001/TÀI LIỆU LUMI/SDK_1.0.3_NUCLEO-F401RE/shared/Middle/rtos" -I"C:/Users/quang/OneDrive/Desktop/TÀI LIỆU LUMI-20260317T150204Z-3-001/TÀI LIỆU LUMI/SDK_1.0.3_NUCLEO-F401RE/shared/Middle/sensor" -I"C:/Users/quang/OneDrive/Desktop/TÀI LIỆU LUMI-20260317T150204Z-3-001/TÀI LIỆU LUMI/SDK_1.0.3_NUCLEO-F401RE/shared/Middle/serial" -I"C:/Users/quang/OneDrive/Desktop/TÀI LIỆU LUMI-20260317T150204Z-3-001/TÀI LIỆU LUMI/SDK_1.0.3_NUCLEO-F401RE/shared/Middle/ucglib" -I"C:/Users/quang/OneDrive/Desktop/TÀI LIỆU LUMI-20260317T150204Z-3-001/TÀI LIỆU LUMI/SDK_1.0.3_NUCLEO-F401RE/shared/Utilities" -O0 -ffunction-sections -fdata-sections -Wall -fstack-usage -fcyclomatic-complexity -MMD -MP -MF"SDK_1.0.3_NUCLEO-F401RE/shared/Utilities/utilities.d" -MT"SDK_1.0.3_NUCLEO-F401RE/shared/Utilities/utilities.o" --specs=nano.specs -mfpu=fpv4-sp-d16 -mfloat-abi=hard -mthumb -o "SDK_1.0.3_NUCLEO-F401RE/shared/Utilities/utilities.o"
arm-none-eabi-gcc "C:/Users/quang/OneDrive/Desktop/TÀI LIỆU LUMI-20260317T150204Z-3-001/TÀI LIỆU LUMI/SDK_1.0.3_NUCLEO-F401RE/shared/Drivers/STM32F401RE_StdPeriph_Driver/src/stm32f401re_rcc.c" -mcpu=cortex-m4 -std=gnu11 -g3 -DDEBUG -DNUCLEO_F401RE -DSTM32 -DSTM32F401RETx -DSTM32F4 -c -I../Inc -I"C:/Users/quang/OneDrive/Desktop/TÀI LIỆU LUMI-20260317T150204Z-3-001/TÀI LIỆU LUMI/SDK_1.0.3_NUCLEO-F401RE/shared/Drivers/CMSIS/Include" -I"C:/Users/quang/OneDrive/Desktop/TÀI LIỆU LUMI-20260317T150204Z-3-001/TÀI LIỆU LUMI/SDK_1.0.3_NUCLEO-F401RE/shared/Drivers/STM32F401RE_StdPeriph_Driver/inc" -I"C:/Users/quang/OneDrive/Desktop/TÀI LIỆU LUMI-20260317T150204Z-3-001/TÀI LIỆU LUMI/SDK_1.0.3_NUCLEO-F401RE/shared/Middle/button" -I"C:/Users/quang/OneDrive/Desktop/TÀI LIỆU LUMI-20260317T150204Z-3-001/TÀI LIỆU LUMI/SDK_1.0.3_NUCLEO-F401RE/shared/Middle/buzzer" -I"C:/Users/quang/OneDrive/Desktop/TÀI LIỆU LUMI-20260317T150204Z-3-001/TÀI LIỆU LUMI/SDK_1.0.3_NUCLEO-F401RE/shared/Middle/led" -I"C:/Users/quang/OneDrive/Desktop/TÀI LIỆU LUMI-20260317T150204Z-3-001/TÀI LIỆU LUMI/SDK_1.0.3_NUCLEO-F401RE/shared/Middle/rtos" -I"C:/Users/quang/OneDrive/Desktop/TÀI LIỆU LUMI-20260317T150204Z-3-001/TÀI LIỆU LUMI/SDK_1.0.3_NUCLEO-F401RE/shared/Middle/sensor" -I"C:/Users/quang/OneDrive/Desktop/TÀI LIỆU LUMI-20260317T150204Z-3-001/TÀI LIỆU LUMI/SDK_1.0.3_NUCLEO-F401RE/shared/Middle/serial" -I"C:/Users/quang/OneDrive/Desktop/TÀI LIỆU LUMI-20260317T150204Z-3-001/TÀI LIỆU LUMI/SDK_1.0.3_NUCLEO-F401RE/shared/Middle/ucglib" -I"C:/Users/quang/OneDrive/Desktop/TÀI LIỆU LUMI-20260317T150204Z-3-001/TÀI LIỆU LUMI/SDK_1.0.3_NUCLEO-F401RE/shared/Utilities" -O0 -ffunction-sections -fdata-sections -Wall -fstack-usage -fcyclomatic-complexity -MMD -MP -MF"SDK_1.0.3_NUCLEO-F401RE/shared/Drivers/STM32F401RE_StdPeriph_Driver/src/stm32f401re_rcc.d" -MT"SDK_1.0.3_NUCLEO-F401RE/shared/Drivers/STM32F401RE_StdPeriph_Driver/src/stm32f401re_rcc.o" --specs=nano.specs -mfpu=fpv4-sp-d16 -mfloat-abi=hard -mthumb -o "SDK_1.0.3_NUCLEO-F401RE/shared/Drivers/STM32F401RE_StdPeriph_Driver/src/stm32f401re_rcc.o"
arm-none-eabi-gcc "C:/Users/quang/OneDrive/Desktop/TÀI LIỆU LUMI-20260317T150204Z-3-001/TÀI LIỆU LUMI/SDK_1.0.3_NUCLEO-F401RE/shared/Drivers/CMSIS/Source/system_stm32f4xx.c" -mcpu=cortex-m4 -std=gnu11 -g3 -DDEBUG -DNUCLEO_F401RE -DSTM32 -DSTM32F401RETx -DSTM32F4 -c -I../Inc -I"C:/Users/quang/OneDrive/Desktop/TÀI LIỆU LUMI-20260317T150204Z-3-001/TÀI LIỆU LUMI/SDK_1.0.3_NUCLEO-F401RE/shared/Drivers/CMSIS/Include" -I"C:/Users/quang/OneDrive/Desktop/TÀI LIỆU LUMI-20260317T150204Z-3-001/TÀI LIỆU LUMI/SDK_1.0.3_NUCLEO-F401RE/shared/Drivers/STM32F401RE_StdPeriph_Driver/inc" -I"C:/Users/quang/OneDrive/Desktop/TÀI LIỆU LUMI-20260317T150204Z-3-001/TÀI LIỆU LUMI/SDK_1.0.3_NUCLEO-F401RE/shared/Middle/button" -I"C:/Users/quang/OneDrive/Desktop/TÀI LIỆU LUMI-20260317T150204Z-3-001/TÀI LIỆU LUMI/SDK_1.0.3_NUCLEO-F401RE/shared/Middle/buzzer" -I"C:/Users/quang/OneDrive/Desktop/TÀI LIỆU LUMI-20260317T150204Z-3-001/TÀI LIỆU LUMI/SDK_1.0.3_NUCLEO-F401RE/shared/Middle/led" -I"C:/Users/quang/OneDrive/Desktop/TÀI LIỆU LUMI-20260317T150204Z-3-001/TÀI LIỆU LUMI/SDK_1.0.3_NUCLEO-F401RE/shared/Middle/rtos" -I"C:/Users/quang/OneDrive/Desktop/TÀI LIỆU LUMI-20260317T150204Z-3-001/TÀI LIỆU LUMI/SDK_1.0.3_NUCLEO-F401RE/shared/Middle/sensor" -I"C:/Users/quang/OneDrive/Desktop/TÀI LIỆU LUMI-20260317T150204Z-3-001/TÀI LIỆU LUMI/SDK_1.0.3_NUCLEO-F401RE/shared/Middle/serial" -I"C:/Users/quang/OneDrive/Desktop/TÀI LIỆU LUMI-20260317T150204Z-3-001/TÀI LIỆU LUMI/SDK_1.0.3_NUCLEO-F401RE/shared/Middle/ucglib" -I"C:/Users/quang/OneDrive/Desktop/TÀI LIỆU LUMI-20260317T150204Z-3-001/TÀI LIỆU LUMI/SDK_1.0.3_NUCLEO-F401RE/shared/Utilities" -O0 -ffunction-sections -fdata-sections -Wall -fstack-usage -fcyclomatic-complexity -MMD -MP -MF"SDK_1.0.3_NUCLEO-F401RE/shared/Drivers/CMSIS/Source/system_stm32f4xx.d" -MT"SDK_1.0.3_NUCLEO-F401RE/shared/Drivers/CMSIS/Source/system_stm32f4xx.o" --specs=nano.specs -mfpu=fpv4-sp-d16 -mfloat-abi=hard -mthumb -o "SDK_1.0.3_NUCLEO-F401RE/shared/Drivers/CMSIS/Source/system_stm32f4xx.o"
arm-none-eabi-gcc -o "GPTO.elf" @"objects.list"  -lLibraries -mcpu=cortex-m4 -T"C:\STM32\Day 1 Nhom 1\GPTO\STM32F401RETX_FLASH.ld" --specs=nosys.specs -Wl,-Map="GPTO.map" -Wl,--gc-sections -static -L"C:\Users\quang\OneDrive\Desktop\TÀI LIỆU LUMI-20260317T150204Z-3-001\TÀI LIỆU LUMI\SDK_1.0.3_NUCLEO-F401RE\lib_stm" --specs=nano.specs -mfpu=fpv4-sp-d16 -mfloat-abi=hard -mthumb -Wl,--start-group -lc -lm -Wl,--end-group
Finished building target: GPTO.elf
 
arm-none-eabi-size  GPTO.elf 
arm-none-eabi-objdump -h -S GPTO.elf  > "GPTO.list"
   text	   data	    bss	    dec	    hex	filename
   1632	      0	   1568	   3200	    c80	GPTO.elf
Finished building: default.size.stdout
 
Finished building: GPTO.list
 
09:50:48 **** Incremental Build of configuration Debug for project GPTO ****
make -j22 all 
arm-none-eabi-size  GPTO.elf 
   text	   data	    bss	    dec	    hex	filename
   1632	      0	   1568	   3200	    c80	GPTO.elf
Finished building: default.size.stdout
 
09:54:48 **** Incremental Build of configuration Debug for project GPTO ****
make -j22 all 
arm-none-eabi-gcc "../Src/Bai2.c" -mcpu=cortex-m4 -std=gnu11 -g3 -DDEBUG -DNUCLEO_F401RE -DSTM32 -DSTM32F401RETx -DSTM32F4 -c -I../Inc -I"C:/Users/quang/OneDrive/Desktop/TÀI LIỆU LUMI-20260317T150204Z-3-001/TÀI LIỆU LUMI/SDK_1.0.3_NUCLEO-F401RE/shared/Drivers/CMSIS/Include" -I"C:/Users/quang/OneDrive/Desktop/TÀI LIỆU LUMI-20260317T150204Z-3-001/TÀI LIỆU LUMI/SDK_1.0.3_NUCLEO-F401RE/shared/Drivers/STM32F401RE_StdPeriph_Driver/inc" -I"C:/Users/quang/OneDrive/Desktop/TÀI LIỆU LUMI-20260317T150204Z-3-001/TÀI LIỆU LUMI/SDK_1.0.3_NUCLEO-F401RE/shared/Middle/button" -I"C:/Users/quang/OneDrive/Desktop/TÀI LIỆU LUMI-20260317T150204Z-3-001/TÀI LIỆU LUMI/SDK_1.0.3_NUCLEO-F401RE/shared/Middle/buzzer" -I"C:/Users/quang/OneDrive/Desktop/TÀI LIỆU LUMI-20260317T150204Z-3-001/TÀI LIỆU LUMI/SDK_1.0.3_NUCLEO-F401RE/shared/Middle/led" -I"C:/Users/quang/OneDrive/Desktop/TÀI LIỆU LUMI-20260317T150204Z-3-001/TÀI LIỆU LUMI/SDK_1.0.3_NUCLEO-F401RE/shared/Middle/rtos" -I"C:/Users/quang/OneDrive/Desktop/TÀI LIỆU LUMI-20260317T150204Z-3-001/TÀI LIỆU LUMI/SDK_1.0.3_NUCLEO-F401RE/shared/Middle/sensor" -I"C:/Users/quang/OneDrive/Desktop/TÀI LIỆU LUMI-20260317T150204Z-3-001/TÀI LIỆU LUMI/SDK_1.0.3_NUCLEO-F401RE/shared/Middle/serial" -I"C:/Users/quang/OneDrive/Desktop/TÀI LIỆU LUMI-20260317T150204Z-3-001/TÀI LIỆU LUMI/SDK_1.0.3_NUCLEO-F401RE/shared/Middle/ucglib" -I"C:/Users/quang/OneDrive/Desktop/TÀI LIỆU LUMI-20260317T150204Z-3-001/TÀI LIỆU LUMI/SDK_1.0.3_NUCLEO-F401RE/shared/Utilities" -O0 -ffunction-sections -fdata-sections -Wall -fstack-usage -fcyclomatic-complexity -MMD -MP -MF"Src/Bai2.d" -MT"Src/Bai2.o" --specs=nano.specs -mfpu=fpv4-sp-d16 -mfloat-abi=hard -mthumb -o "Src/Bai2.o"
arm-none-eabi-gcc -o "GPTO.elf" @"objects.list"  -lLibraries -mcpu=cortex-m4 -T"C:\STM32\Day 1 Nhom 1\GPTO\STM32F401RETX_FLASH.ld" --specs=nosys.specs -Wl,-Map="GPTO.map" -Wl,--gc-sections -static -L"C:\Users\quang\OneDrive\Desktop\TÀI LIỆU LUMI-20260317T150204Z-3-001\TÀI LIỆU LUMI\SDK_1.0.3_NUCLEO-F401RE\lib_stm" --specs=nano.specs -mfpu=fpv4-sp-d16 -mfloat-abi=hard -mthumb -Wl,--start-group -lc -lm -Wl,--end-group
Finished building target: GPTO.elf
 
arm-none-eabi-size  GPTO.elf 
arm-none-eabi-objdump -h -S GPTO.elf  > "GPTO.list"
   text	   data	    bss	    dec	    hex	filename
   1636	      0	   1568	   3204	    c84	GPTO.elf
Finished building: default.size.stdout
 
Finished building: GPTO.list
 
09:56:29 **** Clean-only build of configuration Debug for project GPTO ****
make -j22 clean 
rm -rf ./Startup/startup_stm32f401retx.d ./Startup/startup_stm32f401retx.o
rm -rf ./Src/Bai2.cyclo ./Src/Bai2.d ./Src/Bai2.o ./Src/Bai2.su ./Src/syscalls.cyclo ./Src/syscalls.d ./Src/syscalls.o ./Src/syscalls.su ./Src/sysmem.cyclo ./Src/sysmem.d ./Src/sysmem.o ./Src/sysmem.su
rm -rf ./SDK_1.0.3_NUCLEO-F401RE/shared/Utilities/buff.cyclo ./SDK_1.0.3_NUCLEO-F401RE/shared/Utilities/buff.d ./SDK_1.0.3_NUCLEO-F401RE/shared/Utilities/buff.o ./SDK_1.0.3_NUCLEO-F401RE/shared/Utilities/buff.su ./SDK_1.0.3_NUCLEO-F401RE/shared/Utilities/utilities.cyclo ./SDK_1.0.3_NUCLEO-F401RE/shared/Utilities/utilities.d ./SDK_1.0.3_NUCLEO-F401RE/shared/Utilities/utilities.o ./SDK_1.0.3_NUCLEO-F401RE/shared/Utilities/utilities.su
rm -rf ./SDK_1.0.3_NUCLEO-F401RE/shared/Drivers/STM32F401RE_StdPeriph_Driver/src/stm32f401re_rcc.cyclo ./SDK_1.0.3_NUCLEO-F401RE/shared/Drivers/STM32F401RE_StdPeriph_Driver/src/stm32f401re_rcc.d ./SDK_1.0.3_NUCLEO-F401RE/shared/Drivers/STM32F401RE_StdPeriph_Driver/src/stm32f401re_rcc.o ./SDK_1.0.3_NUCLEO-F401RE/shared/Drivers/STM32F401RE_StdPeriph_Driver/src/stm32f401re_rcc.su
rm -rf ./SDK_1.0.3_NUCLEO-F401RE/shared/Drivers/CMSIS/Source/system_stm32f4xx.cyclo ./SDK_1.0.3_NUCLEO-F401RE/shared/Drivers/CMSIS/Source/system_stm32f4xx.d ./SDK_1.0.3_NUCLEO-F401RE/shared/Drivers/CMSIS/Source/system_stm32f4xx.o ./SDK_1.0.3_NUCLEO-F401RE/shared/Drivers/CMSIS/Source/system_stm32f4xx.su
rm -rf GPTO.elf GPTO.list GPTO.map default.size.stdout
 
09:56:29 **** Incremental Build of configuration Debug for project GPTO ****
make -j22 all 
arm-none-eabi-gcc -mcpu=cortex-m4 -g3 -DDEBUG -c -x assembler-with-cpp -MMD -MP -MF"Startup/startup_stm32f401retx.d" -MT"Startup/startup_stm32f401retx.o" --specs=nano.specs -mfpu=fpv4-sp-d16 -mfloat-abi=hard -mthumb -o "Startup/startup_stm32f401retx.o" "../Startup/startup_stm32f401retx.s"
arm-none-eabi-gcc "../Src/Bai3.c" -mcpu=cortex-m4 -std=gnu11 -g3 -DDEBUG -DNUCLEO_F401RE -DSTM32 -DSTM32F401RETx -DSTM32F4 -c -I../Inc -I"C:/Users/quang/OneDrive/Desktop/TÀI LIỆU LUMI-20260317T150204Z-3-001/TÀI LIỆU LUMI/SDK_1.0.3_NUCLEO-F401RE/shared/Drivers/CMSIS/Include" -I"C:/Users/quang/OneDrive/Desktop/TÀI LIỆU LUMI-20260317T150204Z-3-001/TÀI LIỆU LUMI/SDK_1.0.3_NUCLEO-F401RE/shared/Drivers/STM32F401RE_StdPeriph_Driver/inc" -I"C:/Users/quang/OneDrive/Desktop/TÀI LIỆU LUMI-20260317T150204Z-3-001/TÀI LIỆU LUMI/SDK_1.0.3_NUCLEO-F401RE/shared/Middle/button" -I"C:/Users/quang/OneDrive/Desktop/TÀI LIỆU LUMI-20260317T150204Z-3-001/TÀI LIỆU LUMI/SDK_1.0.3_NUCLEO-F401RE/shared/Middle/buzzer" -I"C:/Users/quang/OneDrive/Desktop/TÀI LIỆU LUMI-20260317T150204Z-3-001/TÀI LIỆU LUMI/SDK_1.0.3_NUCLEO-F401RE/shared/Middle/led" -I"C:/Users/quang/OneDrive/Desktop/TÀI LIỆU LUMI-20260317T150204Z-3-001/TÀI LIỆU LUMI/SDK_1.0.3_NUCLEO-F401RE/shared/Middle/rtos" -I"C:/Users/quang/OneDrive/Desktop/TÀI LIỆU LUMI-20260317T150204Z-3-001/TÀI LIỆU LUMI/SDK_1.0.3_NUCLEO-F401RE/shared/Middle/sensor" -I"C:/Users/quang/OneDrive/Desktop/TÀI LIỆU LUMI-20260317T150204Z-3-001/TÀI LIỆU LUMI/SDK_1.0.3_NUCLEO-F401RE/shared/Middle/serial" -I"C:/Users/quang/OneDrive/Desktop/TÀI LIỆU LUMI-20260317T150204Z-3-001/TÀI LIỆU LUMI/SDK_1.0.3_NUCLEO-F401RE/shared/Middle/ucglib" -I"C:/Users/quang/OneDrive/Desktop/TÀI LIỆU LUMI-20260317T150204Z-3-001/TÀI LIỆU LUMI/SDK_1.0.3_NUCLEO-F401RE/shared/Utilities" -O0 -ffunction-sections -fdata-sections -Wall -fstack-usage -fcyclomatic-complexity -MMD -MP -MF"Src/Bai3.d" -MT"Src/Bai3.o" --specs=nano.specs -mfpu=fpv4-sp-d16 -mfloat-abi=hard -mthumb -o "Src/Bai3.o"
arm-none-eabi-gcc "../Src/syscalls.c" -mcpu=cortex-m4 -std=gnu11 -g3 -DDEBUG -DNUCLEO_F401RE -DSTM32 -DSTM32F401RETx -DSTM32F4 -c -I../Inc -I"C:/Users/quang/OneDrive/Desktop/TÀI LIỆU LUMI-20260317T150204Z-3-001/TÀI LIỆU LUMI/SDK_1.0.3_NUCLEO-F401RE/shared/Drivers/CMSIS/Include" -I"C:/Users/quang/OneDrive/Desktop/TÀI LIỆU LUMI-20260317T150204Z-3-001/TÀI LIỆU LUMI/SDK_1.0.3_NUCLEO-F401RE/shared/Drivers/STM32F401RE_StdPeriph_Driver/inc" -I"C:/Users/quang/OneDrive/Desktop/TÀI LIỆU LUMI-20260317T150204Z-3-001/TÀI LIỆU LUMI/SDK_1.0.3_NUCLEO-F401RE/shared/Middle/button" -I"C:/Users/quang/OneDrive/Desktop/TÀI LIỆU LUMI-20260317T150204Z-3-001/TÀI LIỆU LUMI/SDK_1.0.3_NUCLEO-F401RE/shared/Middle/buzzer" -I"C:/Users/quang/OneDrive/Desktop/TÀI LIỆU LUMI-20260317T150204Z-3-001/TÀI LIỆU LUMI/SDK_1.0.3_NUCLEO-F401RE/shared/Middle/led" -I"C:/Users/quang/OneDrive/Desktop/TÀI LIỆU LUMI-20260317T150204Z-3-001/TÀI LIỆU LUMI/SDK_1.0.3_NUCLEO-F401RE/shared/Middle/rtos" -I"C:/Users/quang/OneDrive/Desktop/TÀI LIỆU LUMI-20260317T150204Z-3-001/TÀI LIỆU LUMI/SDK_1.0.3_NUCLEO-F401RE/shared/Middle/sensor" -I"C:/Users/quang/OneDrive/Desktop/TÀI LIỆU LUMI-20260317T150204Z-3-001/TÀI LIỆU LUMI/SDK_1.0.3_NUCLEO-F401RE/shared/Middle/serial" -I"C:/Users/quang/OneDrive/Desktop/TÀI LIỆU LUMI-20260317T150204Z-3-001/TÀI LIỆU LUMI/SDK_1.0.3_NUCLEO-F401RE/shared/Middle/ucglib" -I"C:/Users/quang/OneDrive/Desktop/TÀI LIỆU LUMI-20260317T150204Z-3-001/TÀI LIỆU LUMI/SDK_1.0.3_NUCLEO-F401RE/shared/Utilities" -O0 -ffunction-sections -fdata-sections -Wall -fstack-usage -fcyclomatic-complexity -MMD -MP -MF"Src/syscalls.d" -MT"Src/syscalls.o" --specs=nano.specs -mfpu=fpv4-sp-d16 -mfloat-abi=hard -mthumb -o "Src/syscalls.o"
arm-none-eabi-gcc "../Src/sysmem.c" -mcpu=cortex-m4 -std=gnu11 -g3 -DDEBUG -DNUCLEO_F401RE -DSTM32 -DSTM32F401RETx -DSTM32F4 -c -I../Inc -I"C:/Users/quang/OneDrive/Desktop/TÀI LIỆU LUMI-20260317T150204Z-3-001/TÀI LIỆU LUMI/SDK_1.0.3_NUCLEO-F401RE/shared/Drivers/CMSIS/Include" -I"C:/Users/quang/OneDrive/Desktop/TÀI LIỆU LUMI-20260317T150204Z-3-001/TÀI LIỆU LUMI/SDK_1.0.3_NUCLEO-F401RE/shared/Drivers/STM32F401RE_StdPeriph_Driver/inc" -I"C:/Users/quang/OneDrive/Desktop/TÀI LIỆU LUMI-20260317T150204Z-3-001/TÀI LIỆU LUMI/SDK_1.0.3_NUCLEO-F401RE/shared/Middle/button" -I"C:/Users/quang/OneDrive/Desktop/TÀI LIỆU LUMI-20260317T150204Z-3-001/TÀI LIỆU LUMI/SDK_1.0.3_NUCLEO-F401RE/shared/Middle/buzzer" -I"C:/Users/quang/OneDrive/Desktop/TÀI LIỆU LUMI-20260317T150204Z-3-001/TÀI LIỆU LUMI/SDK_1.0.3_NUCLEO-F401RE/shared/Middle/led" -I"C:/Users/quang/OneDrive/Desktop/TÀI LIỆU LUMI-20260317T150204Z-3-001/TÀI LIỆU LUMI/SDK_1.0.3_NUCLEO-F401RE/shared/Middle/rtos" -I"C:/Users/quang/OneDrive/Desktop/TÀI LIỆU LUMI-20260317T150204Z-3-001/TÀI LIỆU LUMI/SDK_1.0.3_NUCLEO-F401RE/shared/Middle/sensor" -I"C:/Users/quang/OneDrive/Desktop/TÀI LIỆU LUMI-20260317T150204Z-3-001/TÀI LIỆU LUMI/SDK_1.0.3_NUCLEO-F401RE/shared/Middle/serial" -I"C:/Users/quang/OneDrive/Desktop/TÀI LIỆU LUMI-20260317T150204Z-3-001/TÀI LIỆU LUMI/SDK_1.0.3_NUCLEO-F401RE/shared/Middle/ucglib" -I"C:/Users/quang/OneDrive/Desktop/TÀI LIỆU LUMI-20260317T150204Z-3-001/TÀI LIỆU LUMI/SDK_1.0.3_NUCLEO-F401RE/shared/Utilities" -O0 -ffunction-sections -fdata-sections -Wall -fstack-usage -fcyclomatic-complexity -MMD -MP -MF"Src/sysmem.d" -MT"Src/sysmem.o" --specs=nano.specs -mfpu=fpv4-sp-d16 -mfloat-abi=hard -mthumb -o "Src/sysmem.o"
arm-none-eabi-gcc "C:/Users/quang/OneDrive/Desktop/TÀI LIỆU LUMI-20260317T150204Z-3-001/TÀI LIỆU LUMI/SDK_1.0.3_NUCLEO-F401RE/shared/Utilities/buff.c" -mcpu=cortex-m4 -std=gnu11 -g3 -DDEBUG -DNUCLEO_F401RE -DSTM32 -DSTM32F401RETx -DSTM32F4 -c -I../Inc -I"C:/Users/quang/OneDrive/Desktop/TÀI LIỆU LUMI-20260317T150204Z-3-001/TÀI LIỆU LUMI/SDK_1.0.3_NUCLEO-F401RE/shared/Drivers/CMSIS/Include" -I"C:/Users/quang/OneDrive/Desktop/TÀI LIỆU LUMI-20260317T150204Z-3-001/TÀI LIỆU LUMI/SDK_1.0.3_NUCLEO-F401RE/shared/Drivers/STM32F401RE_StdPeriph_Driver/inc" -I"C:/Users/quang/OneDrive/Desktop/TÀI LIỆU LUMI-20260317T150204Z-3-001/TÀI LIỆU LUMI/SDK_1.0.3_NUCLEO-F401RE/shared/Middle/button" -I"C:/Users/quang/OneDrive/Desktop/TÀI LIỆU LUMI-20260317T150204Z-3-001/TÀI LIỆU LUMI/SDK_1.0.3_NUCLEO-F401RE/shared/Middle/buzzer" -I"C:/Users/quang/OneDrive/Desktop/TÀI LIỆU LUMI-20260317T150204Z-3-001/TÀI LIỆU LUMI/SDK_1.0.3_NUCLEO-F401RE/shared/Middle/led" -I"C:/Users/quang/OneDrive/Desktop/TÀI LIỆU LUMI-20260317T150204Z-3-001/TÀI LIỆU LUMI/SDK_1.0.3_NUCLEO-F401RE/shared/Middle/rtos" -I"C:/Users/quang/OneDrive/Desktop/TÀI LIỆU LUMI-20260317T150204Z-3-001/TÀI LIỆU LUMI/SDK_1.0.3_NUCLEO-F401RE/shared/Middle/sensor" -I"C:/Users/quang/OneDrive/Desktop/TÀI LIỆU LUMI-20260317T150204Z-3-001/TÀI LIỆU LUMI/SDK_1.0.3_NUCLEO-F401RE/shared/Middle/serial" -I"C:/Users/quang/OneDrive/Desktop/TÀI LIỆU LUMI-20260317T150204Z-3-001/TÀI LIỆU LUMI/SDK_1.0.3_NUCLEO-F401RE/shared/Middle/ucglib" -I"C:/Users/quang/OneDrive/Desktop/TÀI LIỆU LUMI-20260317T150204Z-3-001/TÀI LIỆU LUMI/SDK_1.0.3_NUCLEO-F401RE/shared/Utilities" -O0 -ffunction-sections -fdata-sections -Wall -fstack-usage -fcyclomatic-complexity -MMD -MP -MF"SDK_1.0.3_NUCLEO-F401RE/shared/Utilities/buff.d" -MT"SDK_1.0.3_NUCLEO-F401RE/shared/Utilities/buff.o" --specs=nano.specs -mfpu=fpv4-sp-d16 -mfloat-abi=hard -mthumb -o "SDK_1.0.3_NUCLEO-F401RE/shared/Utilities/buff.o"
arm-none-eabi-gcc "C:/Users/quang/OneDrive/Desktop/TÀI LIỆU LUMI-20260317T150204Z-3-001/TÀI LIỆU LUMI/SDK_1.0.3_NUCLEO-F401RE/shared/Utilities/utilities.c" -mcpu=cortex-m4 -std=gnu11 -g3 -DDEBUG -DNUCLEO_F401RE -DSTM32 -DSTM32F401RETx -DSTM32F4 -c -I../Inc -I"C:/Users/quang/OneDrive/Desktop/TÀI LIỆU LUMI-20260317T150204Z-3-001/TÀI LIỆU LUMI/SDK_1.0.3_NUCLEO-F401RE/shared/Drivers/CMSIS/Include" -I"C:/Users/quang/OneDrive/Desktop/TÀI LIỆU LUMI-20260317T150204Z-3-001/TÀI LIỆU LUMI/SDK_1.0.3_NUCLEO-F401RE/shared/Drivers/STM32F401RE_StdPeriph_Driver/inc" -I"C:/Users/quang/OneDrive/Desktop/TÀI LIỆU LUMI-20260317T150204Z-3-001/TÀI LIỆU LUMI/SDK_1.0.3_NUCLEO-F401RE/shared/Middle/button" -I"C:/Users/quang/OneDrive/Desktop/TÀI LIỆU LUMI-20260317T150204Z-3-001/TÀI LIỆU LUMI/SDK_1.0.3_NUCLEO-F401RE/shared/Middle/buzzer" -I"C:/Users/quang/OneDrive/Desktop/TÀI LIỆU LUMI-20260317T150204Z-3-001/TÀI LIỆU LUMI/SDK_1.0.3_NUCLEO-F401RE/shared/Middle/led" -I"C:/Users/quang/OneDrive/Desktop/TÀI LIỆU LUMI-20260317T150204Z-3-001/TÀI LIỆU LUMI/SDK_1.0.3_NUCLEO-F401RE/shared/Middle/rtos" -I"C:/Users/quang/OneDrive/Desktop/TÀI LIỆU LUMI-20260317T150204Z-3-001/TÀI LIỆU LUMI/SDK_1.0.3_NUCLEO-F401RE/shared/Middle/sensor" -I"C:/Users/quang/OneDrive/Desktop/TÀI LIỆU LUMI-20260317T150204Z-3-001/TÀI LIỆU LUMI/SDK_1.0.3_NUCLEO-F401RE/shared/Middle/serial" -I"C:/Users/quang/OneDrive/Desktop/TÀI LIỆU LUMI-20260317T150204Z-3-001/TÀI LIỆU LUMI/SDK_1.0.3_NUCLEO-F401RE/shared/Middle/ucglib" -I"C:/Users/quang/OneDrive/Desktop/TÀI LIỆU LUMI-20260317T150204Z-3-001/TÀI LIỆU LUMI/SDK_1.0.3_NUCLEO-F401RE/shared/Utilities" -O0 -ffunction-sections -fdata-sections -Wall -fstack-usage -fcyclomatic-complexity -MMD -MP -MF"SDK_1.0.3_NUCLEO-F401RE/shared/Utilities/utilities.d" -MT"SDK_1.0.3_NUCLEO-F401RE/shared/Utilities/utilities.o" --specs=nano.specs -mfpu=fpv4-sp-d16 -mfloat-abi=hard -mthumb -o "SDK_1.0.3_NUCLEO-F401RE/shared/Utilities/utilities.o"
arm-none-eabi-gcc "C:/Users/quang/OneDrive/Desktop/TÀI LIỆU LUMI-20260317T150204Z-3-001/TÀI LIỆU LUMI/SDK_1.0.3_NUCLEO-F401RE/shared/Drivers/STM32F401RE_StdPeriph_Driver/src/stm32f401re_rcc.c" -mcpu=cortex-m4 -std=gnu11 -g3 -DDEBUG -DNUCLEO_F401RE -DSTM32 -DSTM32F401RETx -DSTM32F4 -c -I../Inc -I"C:/Users/quang/OneDrive/Desktop/TÀI LIỆU LUMI-20260317T150204Z-3-001/TÀI LIỆU LUMI/SDK_1.0.3_NUCLEO-F401RE/shared/Drivers/CMSIS/Include" -I"C:/Users/quang/OneDrive/Desktop/TÀI LIỆU LUMI-20260317T150204Z-3-001/TÀI LIỆU LUMI/SDK_1.0.3_NUCLEO-F401RE/shared/Drivers/STM32F401RE_StdPeriph_Driver/inc" -I"C:/Users/quang/OneDrive/Desktop/TÀI LIỆU LUMI-20260317T150204Z-3-001/TÀI LIỆU LUMI/SDK_1.0.3_NUCLEO-F401RE/shared/Middle/button" -I"C:/Users/quang/OneDrive/Desktop/TÀI LIỆU LUMI-20260317T150204Z-3-001/TÀI LIỆU LUMI/SDK_1.0.3_NUCLEO-F401RE/shared/Middle/buzzer" -I"C:/Users/quang/OneDrive/Desktop/TÀI LIỆU LUMI-20260317T150204Z-3-001/TÀI LIỆU LUMI/SDK_1.0.3_NUCLEO-F401RE/shared/Middle/led" -I"C:/Users/quang/OneDrive/Desktop/TÀI LIỆU LUMI-20260317T150204Z-3-001/TÀI LIỆU LUMI/SDK_1.0.3_NUCLEO-F401RE/shared/Middle/rtos" -I"C:/Users/quang/OneDrive/Desktop/TÀI LIỆU LUMI-20260317T150204Z-3-001/TÀI LIỆU LUMI/SDK_1.0.3_NUCLEO-F401RE/shared/Middle/sensor" -I"C:/Users/quang/OneDrive/Desktop/TÀI LIỆU LUMI-20260317T150204Z-3-001/TÀI LIỆU LUMI/SDK_1.0.3_NUCLEO-F401RE/shared/Middle/serial" -I"C:/Users/quang/OneDrive/Desktop/TÀI LIỆU LUMI-20260317T150204Z-3-001/TÀI LIỆU LUMI/SDK_1.0.3_NUCLEO-F401RE/shared/Middle/ucglib" -I"C:/Users/quang/OneDrive/Desktop/TÀI LIỆU LUMI-20260317T150204Z-3-001/TÀI LIỆU LUMI/SDK_1.0.3_NUCLEO-F401RE/shared/Utilities" -O0 -ffunction-sections -fdata-sections -Wall -fstack-usage -fcyclomatic-complexity -MMD -MP -MF"SDK_1.0.3_NUCLEO-F401RE/shared/Drivers/STM32F401RE_StdPeriph_Driver/src/stm32f401re_rcc.d" -MT"SDK_1.0.3_NUCLEO-F401RE/shared/Drivers/STM32F401RE_StdPeriph_Driver/src/stm32f401re_rcc.o" --specs=nano.specs -mfpu=fpv4-sp-d16 -mfloat-abi=hard -mthumb -o "SDK_1.0.3_NUCLEO-F401RE/shared/Drivers/STM32F401RE_StdPeriph_Driver/src/stm32f401re_rcc.o"
arm-none-eabi-gcc "C:/Users/quang/OneDrive/Desktop/TÀI LIỆU LUMI-20260317T150204Z-3-001/TÀI LIỆU LUMI/SDK_1.0.3_NUCLEO-F401RE/shared/Drivers/CMSIS/Source/system_stm32f4xx.c" -mcpu=cortex-m4 -std=gnu11 -g3 -DDEBUG -DNUCLEO_F401RE -DSTM32 -DSTM32F401RETx -DSTM32F4 -c -I../Inc -I"C:/Users/quang/OneDrive/Desktop/TÀI LIỆU LUMI-20260317T150204Z-3-001/TÀI LIỆU LUMI/SDK_1.0.3_NUCLEO-F401RE/shared/Drivers/CMSIS/Include" -I"C:/Users/quang/OneDrive/Desktop/TÀI LIỆU LUMI-20260317T150204Z-3-001/TÀI LIỆU LUMI/SDK_1.0.3_NUCLEO-F401RE/shared/Drivers/STM32F401RE_StdPeriph_Driver/inc" -I"C:/Users/quang/OneDrive/Desktop/TÀI LIỆU LUMI-20260317T150204Z-3-001/TÀI LIỆU LUMI/SDK_1.0.3_NUCLEO-F401RE/shared/Middle/button" -I"C:/Users/quang/OneDrive/Desktop/TÀI LIỆU LUMI-20260317T150204Z-3-001/TÀI LIỆU LUMI/SDK_1.0.3_NUCLEO-F401RE/shared/Middle/buzzer" -I"C:/Users/quang/OneDrive/Desktop/TÀI LIỆU LUMI-20260317T150204Z-3-001/TÀI LIỆU LUMI/SDK_1.0.3_NUCLEO-F401RE/shared/Middle/led" -I"C:/Users/quang/OneDrive/Desktop/TÀI LIỆU LUMI-20260317T150204Z-3-001/TÀI LIỆU LUMI/SDK_1.0.3_NUCLEO-F401RE/shared/Middle/rtos" -I"C:/Users/quang/OneDrive/Desktop/TÀI LIỆU LUMI-20260317T150204Z-3-001/TÀI LIỆU LUMI/SDK_1.0.3_NUCLEO-F401RE/shared/Middle/sensor" -I"C:/Users/quang/OneDrive/Desktop/TÀI LIỆU LUMI-20260317T150204Z-3-001/TÀI LIỆU LUMI/SDK_1.0.3_NUCLEO-F401RE/shared/Middle/serial" -I"C:/Users/quang/OneDrive/Desktop/TÀI LIỆU LUMI-20260317T150204Z-3-001/TÀI LIỆU LUMI/SDK_1.0.3_NUCLEO-F401RE/shared/Middle/ucglib" -I"C:/Users/quang/OneDrive/Desktop/TÀI LIỆU LUMI-20260317T150204Z-3-001/TÀI LIỆU LUMI/SDK_1.0.3_NUCLEO-F401RE/shared/Utilities" -O0 -ffunction-sections -fdata-sections -Wall -fstack-usage -fcyclomatic-complexity -MMD -MP -MF"SDK_1.0.3_NUCLEO-F401RE/shared/Drivers/CMSIS/Source/system_stm32f4xx.d" -MT"SDK_1.0.3_NUCLEO-F401RE/shared/Drivers/CMSIS/Source/system_stm32f4xx.o" --specs=nano.specs -mfpu=fpv4-sp-d16 -mfloat-abi=hard -mthumb -o "SDK_1.0.3_NUCLEO-F401RE/shared/Drivers/CMSIS/Source/system_stm32f4xx.o"
arm-none-eabi-gcc -o "GPTO.elf" @"objects.list"  -lLibraries -mcpu=cortex-m4 -T"C:\STM32\Day 1 Nhom 1\GPTO\STM32F401RETX_FLASH.ld" --specs=nosys.specs -Wl,-Map="GPTO.map" -Wl,--gc-sections -static -L"C:\Users\quang\OneDrive\Desktop\TÀI LIỆU LUMI-20260317T150204Z-3-001\TÀI LIỆU LUMI\SDK_1.0.3_NUCLEO-F401RE\lib_stm" --specs=nano.specs -mfpu=fpv4-sp-d16 -mfloat-abi=hard -mthumb -Wl,--start-group -lc -lm -Wl,--end-group
Finished building target: GPTO.elf
 
arm-none-eabi-size  GPTO.elf 
arm-none-eabi-objdump -h -S GPTO.elf  > "GPTO.list"
   text	   data	    bss	    dec	    hex	filename
   1632	      0	   1568	   3200	    c80	GPTO.elf
Finished building: default.size.stdout
 
Finished building: GPTO.list
 
